Qtï¼š
	1.é¡¹ç›®çš„ç»“æ„ï¼šcd "è·¯å¾„"ï¼›tree /F
		åŒ…è·¯å¾„å»ºè®®æ”¾ä¸€ä¸ª__init__.py

C:\Users\Asus>cd "C:\Users\Asus\Desktop\day5\proj_bigmouse"

C:\Users\Asus\Desktop\day5\proj_bigmouse>tree /F
å· OS çš„æ–‡ä»¶å¤¹ PATH åˆ—è¡¨
å·åºåˆ—å·ä¸º C492-37F9
C:.
â”‚  run_app.bat
â”‚  setup.py
â”‚
â”œâ”€bigapp
â”‚  â”‚  main.py
â”‚  â”‚  __init__.py
â”‚  â”‚
â”‚  â”œâ”€ais
â”‚  â”‚      bfish.py
â”‚  â”‚      __init__.py
â”‚  â”‚
â”‚  â”œâ”€uis
â”‚  â”‚  â”‚  bapp.py
â”‚  â”‚  â”‚  bdialog.py
â”‚  â”‚  â”‚  __init__.py
â”‚  â”‚  â”‚
.......

	2.setupå®‰è£…ï¼ˆday05ï¼‰
		2.1å†™å¥½setup.pyå†…å®¹
		2.2ç®¡ç†å‘˜è¿è¡Œcmd

C:\WINDOWS\system32>cd "C:\Users\Asus\Desktop\äººå·¥æ™ºèƒ½å®è®­\01tech\day05\proj_bigmouth"

C:\Users\Asus\Desktop\äººå·¥æ™ºèƒ½å®è®­\01tech\day05\proj_bigmouth>python setup.py install
running install
running build
running build_py
creating build
creating build\lib
creating build\lib\bigapp
..........
Writing C:\Users\Asus\AppData\Local\Programs\Python\Python37\Lib\site-packages\bigapp-1.0-py3.7.egg-info

	3.å¤šçº¿ç¨‹çš„å°è£…
		newå¯¹è±¡æ—¶ self.fish1 = BFish()	#æ‹¬å·ï¼
		çº¿ç¨‹å¯åŠ¨ï¼šstartï¼›	runç»“æŸï¼Œçº¿ç¨‹æ­»äº¡

	4.ä¿¡å·å’Œæ§½ï¼ˆsignal and slotï¼‰
		self.repaint	#åˆ·æ–°

	5.random
import random
print( random.randint(1,10) )        # äº§ç”Ÿ 1 åˆ° 10 çš„ä¸€ä¸ªæ•´æ•°å‹éšæœºæ•°  
print( random.random() )             # äº§ç”Ÿ 0 åˆ° 1 ä¹‹é—´çš„éšæœºæµ®ç‚¹æ•°
print( random.uniform(1.1,5.4) )     # äº§ç”Ÿ  1.1 åˆ° 5.4 ä¹‹é—´çš„éšæœºæµ®ç‚¹æ•°ï¼ŒåŒºé—´å¯ä»¥ä¸æ˜¯æ•´æ•°
print( random.choice('tomorrow') )   # ä»åºåˆ—ä¸­éšæœºé€‰å–ä¸€ä¸ªå…ƒç´ 
print( random.randrange(1,100,2) )   # ç”Ÿæˆä»1åˆ°100çš„é—´éš”ä¸º2çš„éšæœºæ•´æ•°
print random.sample('zyxwvutsrqponmlkjihgfedcba',5)	# å¤šä¸ªå­—ç¬¦ä¸­ç”ŸæˆæŒ‡å®šæ•°é‡çš„éšæœºå­—ç¬¦
print random.choice(['å‰ªåˆ€', 'çŸ³å¤´', 'å¸ƒ'])		# éšæœºé€‰å–å­—ç¬¦ä¸²
items = [1, 2, 3, 4, 5, 6, 7, 8, 9, 0]
print random.shuffle(items)			# æ‰“ä¹±æ’åº


>>> import random
>>> help(random)
Help on module random:

NAME
    random - Random variable generators.

MODULE REFERENCE
    https://docs.python.org/3.7/library/random
.........

	6.å›¾åƒçš„è¡¨ç¤º
		opencv : pip install opencv-python
		opencvè¾…åŠ©æ¨¡å—å®‰è£… : pip install opencv-contrib-python

C:\>pip install opencv-contrib-python
Collecting opencv-contrib-python
  Using cached opencv_contrib_python-4.4.0.46-cp37-cp37m-win_amd64.whl (40.1 MB)
Requirement already satisfied: numpy>=1.14.5 in c:\users\asus\appdata\local\programs\python\python37\lib\site-packages (from opencv-contrib-python) (1.19.4)
Installing collected packages: opencv-contrib-python
ERROR: Could not install packages due to an EnvironmentError: [WinError 5] æ‹’ç»è®¿é—®ã€‚: 'c:\\users\\asus\\appdata\\local\\programs\\python\\python37\\Lib\\site-packages\\cv2\\cv2.cp37-win_amd64.pyd'
Consider using the `--user` option or check the permissions.

(æƒé™é—®é¢˜ï¼Œè§£å†³æ–¹æ³•)
C:\>pip install opencv-contrib-python --user
Collecting opencv-contrib-python
  Using cached opencv_contrib_python-4.4.0.46-cp37-cp37m-win_amd64.whl (40.1 MB)
Requirement already satisfied: numpy>=1.14.5 in c:\users\asus\appdata\local\programs\python\python37\lib\site-packages (from opencv-contrib-python) (1.19.4)
Installing collected packages: opencv-contrib-python
Successfully installed opencv-contrib-python-4.4.0.46

		pyqt5-tools : pip install pyqt5-tools
	
		numpy : pip install numpy
		scipy : pip install scipy

		æ–‡æ¡£ï¼š	æœç´¢ï¼šopencv.doc	numpy.doc
		opencvï¼šhttps://docs.opencv.org/4.5.0/
			core. Core functionality
			imgproc. Image Processing
			imgcodecs. Image file reading and writing
			videoio. Video I/O
		numpyï¼šhttps://numpy.org/doc/
		- å›¾åƒå°±æ˜¯ä¸€ä¸ªæ•°ç»„ï¼š<class 'numpy.ndarray'>

æ„Ÿæƒ³ï¼š
	1.getåˆ°å¦‚ä½•æ‰¾åˆ°ç”µè„‘ä¸­çš„éšè—æ–‡ä»¶å¤¹
	2.clickå£°å°çš„é¼ æ ‡ä¼šè®©å®¤å‹å’Œè‡ªå·±åœ¨åŠå¤œéƒ½å¾ˆèˆ’æœ
	3.æœ‰åœ°æ–¹æƒ³ä¸é€šçš„æ—¶å€™å°±åœä¸€ä¸‹ï¼Œå»ææ¯çƒ­æ°´å•¥çš„æ‹æ‹æ€è·¯ï¼Œåˆ‡å¿Œåœ¨ä»£ç é‡Œé¢ç»•åœˆ

ä½œä¸šï¼š
	å¤§å˜´é±¼é¡¹ç›®ï¼š
	1.å¤šçº¿ç¨‹çš„ç±»ï¼ˆğŸŸï¼‰ï¼Œæ”¾åœ¨aisä¸­ï¼Œuisæ˜¯ç•Œé¢çš„è®¾è®¡ï¼Œå†æŠŠaisçš„å¯¹è±¡åŠ åˆ°ç•Œé¢ä¸­å®ç°
	2.æ³¨æ„__init__()ä¸­çš„ç±»çš„å±æ€§
	3.run(self)æ˜¯åœ¨ä¸æ–­åœ°è¿›è¡Œçš„æˆå‘˜å‡½æ•°ï¼ŒæŠŠä¸æ–­è¿›è¡Œçš„è¿åŠ¨åŠ åœ¨é‡Œé¢


